🔧 Setting up E2E test environment...
✅ E2E test environment setup completed (simplified)

Running 120 tests using 4 workers

[1A[2K[1/120] [chromium] › e2e/authentication.spec.ts:36:5 › Authentication Flow › User Login › empty fields show validation errors
[1A[2K[2/120] [chromium] › e2e/authentication.spec.ts:50:5 › Authentication Flow › User Login › account lockout after 5 failed attempts
[1A[2K[3/120] [chromium] › e2e/authentication.spec.ts:12:5 › Authentication Flow › User Login › successful login redirects to dashboard
[1A[2K[4/120] [chromium] › e2e/authentication.spec.ts:24:5 › Authentication Flow › User Login › invalid credentials show error message
[1A[2K[chromium] › e2e/authentication.spec.ts:50:5 › Authentication Flow › User Login › account lockout after 5 failed attempts
[AUTH HELPER] Navigating to login page...

[1A[2K[chromium] › e2e/authentication.spec.ts:36:5 › Authentication Flow › User Login › empty fields show validation errors
[AUTH HELPER] Navigating to login page...

[1A[2K[chromium] › e2e/authentication.spec.ts:24:5 › Authentication Flow › User Login › invalid credentials show error message
[AUTH HELPER] Navigating to login page...

[1A[2K[chromium] › e2e/authentication.spec.ts:12:5 › Authentication Flow › User Login › successful login redirects to dashboard
[AUTH HELPER] Navigating to login page...

[1A[2K[chromium] › e2e/authentication.spec.ts:50:5 › Authentication Flow › User Login › account lockout after 5 failed attempts
[AUTH HELPER] Page loaded, waiting for JS initialization...

[1A[2K[chromium] › e2e/authentication.spec.ts:24:5 › Authentication Flow › User Login › invalid credentials show error message
[AUTH HELPER] Page loaded, waiting for JS initialization...

[1A[2K[chromium] › e2e/authentication.spec.ts:36:5 › Authentication Flow › User Login › empty fields show validation errors
[AUTH HELPER] Page loaded, waiting for JS initialization...

[1A[2K[chromium] › e2e/authentication.spec.ts:12:5 › Authentication Flow › User Login › successful login redirects to dashboard
[AUTH HELPER] Page loaded, waiting for JS initialization...

[1A[2K[chromium] › e2e/authentication.spec.ts:50:5 › Authentication Flow › User Login › account lockout after 5 failed attempts
[AUTH HELPER] Page title: OpenCode Nexus - Login

[1A[2K[AUTH HELPER] Login form visible: true

[1A[2K[chromium] › e2e/authentication.spec.ts:24:5 › Authentication Flow › User Login › invalid credentials show error message
[AUTH HELPER] Page title: OpenCode Nexus - Login

[1A[2K[AUTH HELPER] Login form visible: true

[1A[2K[chromium] › e2e/authentication.spec.ts:36:5 › Authentication Flow › User Login › empty fields show validation errors
[AUTH HELPER] Page title: OpenCode Nexus - Login

[1A[2K[AUTH HELPER] Login form visible: true

[1A[2K[chromium] › e2e/authentication.spec.ts:12:5 › Authentication Flow › User Login › successful login redirects to dashboard
[AUTH HELPER] Page title: OpenCode Nexus - Login

[1A[2K[AUTH HELPER] Login form visible: true

[1A[2K[chromium] › e2e/authentication.spec.ts:50:5 › Authentication Flow › User Login › account lockout after 5 failed attempts
[AUTH HELPER] JavaScript execution test: true

[1A[2K[AUTH HELPER] Number of script tags: 7

[1A[2K[AUTH HELPER] Login page navigation complete

[1A[2K[AUTH HELPER] Triggering account lockout - attempting 6 failed logins...

[1A[2K[AUTH HELPER] Failed login attempt 1/6

[1A[2K[chromium] › e2e/authentication.spec.ts:24:5 › Authentication Flow › User Login › invalid credentials show error message
[AUTH HELPER] JavaScript execution test: true

[1A[2K[AUTH HELPER] Number of script tags: 7

[1A[2K[AUTH HELPER] Login page navigation complete

[1A[2K[AUTH HELPER] Filling form with username: testuser

[1A[2K[chromium] › e2e/authentication.spec.ts:36:5 › Authentication Flow › User Login › empty fields show validation errors
[AUTH HELPER] JavaScript execution test: true

[1A[2K[AUTH HELPER] Number of script tags: 7

[1A[2K[AUTH HELPER] Login page navigation complete

[1A[2K[chromium] › e2e/authentication.spec.ts:12:5 › Authentication Flow › User Login › successful login redirects to dashboard
[AUTH HELPER] JavaScript execution test: true

[1A[2K[AUTH HELPER] Number of script tags: 7

[1A[2K[AUTH HELPER] Login page navigation complete

[1A[2K[chromium] › e2e/authentication.spec.ts:24:5 › Authentication Flow › User Login › invalid credentials show error message
[AUTH HELPER] Submitting login form via button click...

[1A[2K[chromium] › e2e/authentication.spec.ts:12:5 › Authentication Flow › User Login › successful login redirects to dashboard
[AUTH HELPER] Filling form with username: testuser

[1A[2K[5/120] [chromium] › e2e/authentication.spec.ts:70:5 › Authentication Flow › Desktop Security Model › public registration is blocked for security
[1A[2K[chromium] › e2e/authentication.spec.ts:24:5 › Authentication Flow › User Login › invalid credentials show error message
[AUTH HELPER] Expecting to stay on login page with error...

[1A[2K[6/120] [chromium] › e2e/authentication.spec.ts:87:5 › Authentication Flow › Desktop Security Model › only owner account can authenticate
[1A[2K[chromium] › e2e/authentication.spec.ts:87:5 › Authentication Flow › Desktop Security Model › only owner account can authenticate
[AUTH HELPER] Navigating to login page...

[1A[2K[chromium] › e2e/authentication.spec.ts:12:5 › Authentication Flow › User Login › successful login redirects to dashboard
[AUTH HELPER] Submitting login form via button click...

[1A[2K[AUTH HELPER] Expecting redirect to dashboard...

[1A[2K[chromium] › e2e/authentication.spec.ts:24:5 › Authentication Flow › User Login › invalid credentials show error message
[AUTH HELPER] Login failed as expected, error visible

[1A[2K[7/120] [chromium] › e2e/authentication.spec.ts:98:5 › Authentication Flow › Desktop Security Model › authentication requires completed onboarding
[1A[2K[chromium] › e2e/authentication.spec.ts:50:5 › Authentication Flow › User Login › account lockout after 5 failed attempts
[AUTH HELPER] Failed login attempt 2/6

[1A[2K[chromium] › e2e/authentication.spec.ts:98:5 › Authentication Flow › Desktop Security Model › authentication requires completed onboarding
[AUTH HELPER] Navigating to login page...

[1A[2K[chromium] › e2e/authentication.spec.ts:87:5 › Authentication Flow › Desktop Security Model › only owner account can authenticate
[AUTH HELPER] Page loaded, waiting for JS initialization...

[1A[2K[chromium] › e2e/authentication.spec.ts:98:5 › Authentication Flow › Desktop Security Model › authentication requires completed onboarding
[AUTH HELPER] Page loaded, waiting for JS initialization...

[1A[2K[chromium] › e2e/authentication.spec.ts:50:5 › Authentication Flow › User Login › account lockout after 5 failed attempts
[AUTH HELPER] Failed login attempt 3/6

[1A[2K[chromium] › e2e/authentication.spec.ts:87:5 › Authentication Flow › Desktop Security Model › only owner account can authenticate
[AUTH HELPER] Page title: OpenCode Nexus - Login

[1A[2K[AUTH HELPER] Login form visible: true

[1A[2K[chromium] › e2e/authentication.spec.ts:12:5 › Authentication Flow › User Login › successful login redirects to dashboard
[AUTH HELPER] Login successful, on dashboard

[1A[2K[8/120] [chromium] › e2e/authentication.spec.ts:107:5 › Authentication Flow › Desktop Security Model › security logging tracks unauthorized attempts
[1A[2K[chromium] › e2e/authentication.spec.ts:107:5 › Authentication Flow › Desktop Security Model › security logging tracks unauthorized attempts
[AUTH HELPER] Navigating to login page...

[1A[2K[chromium] › e2e/authentication.spec.ts:98:5 › Authentication Flow › Desktop Security Model › authentication requires completed onboarding
[AUTH HELPER] Page title: OpenCode Nexus - Login

[1A[2K[AUTH HELPER] Login form visible: true

[1A[2K[chromium] › e2e/authentication.spec.ts:50:5 › Authentication Flow › User Login › account lockout after 5 failed attempts
[AUTH HELPER] Failed login attempt 4/6

[1A[2K[chromium] › e2e/authentication.spec.ts:107:5 › Authentication Flow › Desktop Security Model › security logging tracks unauthorized attempts
[AUTH HELPER] Page loaded, waiting for JS initialization...

[1A[2K[chromium] › e2e/authentication.spec.ts:87:5 › Authentication Flow › Desktop Security Model › only owner account can authenticate
[AUTH HELPER] JavaScript execution test: true

[1A[2K[AUTH HELPER] Number of script tags: 7

[1A[2K[AUTH HELPER] Login page navigation complete

[1A[2K[AUTH HELPER] Filling form with username: hacker

[1A[2K[AUTH HELPER] Submitting login form via button click...

[1A[2K[AUTH HELPER] Expecting to stay on login page with error...

[1A[2K[chromium] › e2e/authentication.spec.ts:50:5 › Authentication Flow › User Login › account lockout after 5 failed attempts
[AUTH HELPER] Failed login attempt 5/6

[1A[2K[chromium] › e2e/authentication.spec.ts:98:5 › Authentication Flow › Desktop Security Model › authentication requires completed onboarding
[AUTH HELPER] JavaScript execution test: true

[1A[2K[AUTH HELPER] Number of script tags: 7

[1A[2K[AUTH HELPER] Login page navigation complete

[1A[2K[9/120] [chromium] › e2e/authentication.spec.ts:121:5 › Authentication Flow › Session Management › session persists across page reloads
[1A[2K[chromium] › e2e/authentication.spec.ts:121:5 › Authentication Flow › Session Management › session persists across page reloads
[AUTH HELPER] Navigating to login page...

[1A[2K[chromium] › e2e/authentication.spec.ts:87:5 › Authentication Flow › Desktop Security Model › only owner account can authenticate
[AUTH HELPER] Login failed as expected, error visible

[1A[2K[10/120] [chromium] › e2e/authentication.spec.ts:130:5 › Authentication Flow › Session Management › session expires after configured timeout
[1A[2K[chromium] › e2e/authentication.spec.ts:107:5 › Authentication Flow › Desktop Security Model › security logging tracks unauthorized attempts
[AUTH HELPER] Page title: OpenCode Nexus - Login

[1A[2K[chromium] › e2e/authentication.spec.ts:130:5 › Authentication Flow › Session Management › session expires after configured timeout
[AUTH HELPER] Navigating to login page...

[1A[2K[chromium] › e2e/authentication.spec.ts:107:5 › Authentication Flow › Desktop Security Model › security logging tracks unauthorized attempts
[AUTH HELPER] Login form visible: true

[1A[2K[chromium] › e2e/authentication.spec.ts:50:5 › Authentication Flow › User Login › account lockout after 5 failed attempts
[AUTH HELPER] Failed login attempt 6/6

[1A[2K[chromium] › e2e/authentication.spec.ts:121:5 › Authentication Flow › Session Management › session persists across page reloads
[AUTH HELPER] Page loaded, waiting for JS initialization...

[1A[2K[chromium] › e2e/authentication.spec.ts:130:5 › Authentication Flow › Session Management › session expires after configured timeout
[AUTH HELPER] Page loaded, waiting for JS initialization...

[1A[2K[chromium] › e2e/authentication.spec.ts:107:5 › Authentication Flow › Desktop Security Model › security logging tracks unauthorized attempts
[AUTH HELPER] JavaScript execution test: true

[1A[2K[AUTH HELPER] Number of script tags: 7

[1A[2K[AUTH HELPER] Login page navigation complete

[1A[2K[AUTH HELPER] Filling form with username: unauthorized-user

[1A[2K[AUTH HELPER] Submitting login form via button click...

[1A[2K[AUTH HELPER] Expecting to stay on login page with error...

[1A[2K[chromium] › e2e/authentication.spec.ts:121:5 › Authentication Flow › Session Management › session persists across page reloads
[AUTH HELPER] Page title: OpenCode Nexus - Login

[1A[2K[AUTH HELPER] Login form visible: true

[1A[2K[chromium] › e2e/authentication.spec.ts:130:5 › Authentication Flow › Session Management › session expires after configured timeout
[AUTH HELPER] Page title: OpenCode Nexus - Login

[1A[2K[AUTH HELPER] Login form visible: true

[1A[2K[chromium] › e2e/authentication.spec.ts:107:5 › Authentication Flow › Desktop Security Model › security logging tracks unauthorized attempts
[AUTH HELPER] Login failed as expected, error visible

[1A[2K[11/120] [chromium] › e2e/authentication.spec.ts:140:5 › Authentication Flow › Session Management › logout clears session and redirects
[1A[2K[chromium] › e2e/authentication.spec.ts:140:5 › Authentication Flow › Session Management › logout clears session and redirects
[AUTH HELPER] Navigating to login page...

[1A[2K[AUTH HELPER] Page loaded, waiting for JS initialization...

[1A[2K[chromium] › e2e/authentication.spec.ts:121:5 › Authentication Flow › Session Management › session persists across page reloads
[AUTH HELPER] JavaScript execution test: true

[1A[2K[AUTH HELPER] Number of script tags: 7

[1A[2K[AUTH HELPER] Login page navigation complete

[1A[2K[AUTH HELPER] Filling form with username: testuser

[1A[2K[AUTH HELPER] Submitting login form via button click...

[1A[2K[chromium] › e2e/authentication.spec.ts:130:5 › Authentication Flow › Session Management › session expires after configured timeout
[AUTH HELPER] JavaScript execution test: true

[1A[2K[AUTH HELPER] Number of script tags: 7

[1A[2K[AUTH HELPER] Login page navigation complete

[1A[2K[AUTH HELPER] Filling form with username: testuser

[1A[2K[chromium] › e2e/authentication.spec.ts:121:5 › Authentication Flow › Session Management › session persists across page reloads
[AUTH HELPER] Expecting redirect to dashboard...

[1A[2K[chromium] › e2e/authentication.spec.ts:130:5 › Authentication Flow › Session Management › session expires after configured timeout
[AUTH HELPER] Submitting login form via button click...

[1A[2K[AUTH HELPER] Expecting redirect to dashboard...

[1A[2K[chromium] › e2e/authentication.spec.ts:140:5 › Authentication Flow › Session Management › logout clears session and redirects
[AUTH HELPER] Page title: OpenCode Nexus - Login

[1A[2K[AUTH HELPER] Login form visible: true

[1A[2K[chromium] › e2e/authentication.spec.ts:121:5 › Authentication Flow › Session Management › session persists across page reloads
[AUTH HELPER] Login successful, on dashboard

[1A[2K[chromium] › e2e/authentication.spec.ts:140:5 › Authentication Flow › Session Management › logout clears session and redirects
[AUTH HELPER] JavaScript execution test: true

[1A[2K[AUTH HELPER] Number of script tags: 7

[1A[2K[AUTH HELPER] Login page navigation complete

[1A[2K[12/120] [chromium] › e2e/authentication.spec.ts:154:5 › Authentication Flow › Session Management › multiple tabs share authentication state
[1A[2K[AUTH HELPER] Filling form with username: testuser

[1A[2K[chromium] › e2e/authentication.spec.ts:130:5 › Authentication Flow › Session Management › session expires after configured timeout
[AUTH HELPER] Login successful, on dashboard

[1A[2K[chromium] › e2e/authentication.spec.ts:154:5 › Authentication Flow › Session Management › multiple tabs share authentication state
[AUTH HELPER] Navigating to login page...

[1A[2K[chromium] › e2e/authentication.spec.ts:140:5 › Authentication Flow › Session Management › logout clears session and redirects
[AUTH HELPER] Submitting login form via button click...

[1A[2K[AUTH HELPER] Expecting redirect to dashboard...

[1A[2K[13/120] [chromium] › e2e/authentication.spec.ts:182:5 › Authentication Flow › Security Features › password is masked in input field
[1A[2K[chromium] › e2e/authentication.spec.ts:182:5 › Authentication Flow › Security Features › password is masked in input field
[AUTH HELPER] Navigating to login page...

[1A[2K[chromium] › e2e/authentication.spec.ts:154:5 › Authentication Flow › Session Management › multiple tabs share authentication state
[AUTH HELPER] Page loaded, waiting for JS initialization...

[1A[2K[chromium] › e2e/authentication.spec.ts:182:5 › Authentication Flow › Security Features › password is masked in input field
[AUTH HELPER] Page loaded, waiting for JS initialization...

[1A[2K[chromium] › e2e/authentication.spec.ts:154:5 › Authentication Flow › Session Management › multiple tabs share authentication state
[AUTH HELPER] Page title: OpenCode Nexus - Login

[1A[2K[chromium] › e2e/authentication.spec.ts:140:5 › Authentication Flow › Session Management › logout clears session and redirects
[AUTH HELPER] Login successful, on dashboard

[1A[2K[chromium] › e2e/authentication.spec.ts:154:5 › Authentication Flow › Session Management › multiple tabs share authentication state
[AUTH HELPER] Login form visible: true

[1A[2K[chromium] › e2e/authentication.spec.ts:182:5 › Authentication Flow › Security Features › password is masked in input field
[AUTH HELPER] Page title: OpenCode Nexus - Login

[1A[2K[AUTH HELPER] Login form visible: true

[1A[2K  1) [chromium] › e2e/authentication.spec.ts:50:5 › Authentication Flow › User Login › account lockout after 5 failed attempts 

    Error: [2mexpect([22m[31mlocator[39m[2m).[22mtoBeVisible[2m()[22m failed

    Locator:  locator('[data-testid="account-locked"]').first()
    Expected: visible
    Received: <element(s) not found>
    Timeout:  5000ms

    Call log:
    [2m  - Expect "toBeVisible" with timeout 5000ms[22m
    [2m  - waiting for locator('[data-testid="account-locked"]').first()[22m


       at helpers/auth.ts:248

      246 |     }
      247 |     
    > 248 |     await expect(this.page.locator('[data-testid="account-locked"]').first()).toBeVisible();
          |                                                                               ^
      249 |     await expect(this.page.locator('[data-testid="lockout-timer"]').first()).toBeVisible();
      250 |     console.log('[AUTH HELPER] Account lockout triggered successfully');
      251 |   }
        at AuthHelper.triggerAccountLockout (/home/f3rg/src/github/opencode-nexus/frontend/e2e/helpers/auth.ts:248:79)
        at /home/f3rg/src/github/opencode-nexus/frontend/e2e/authentication.spec.ts:53:7

    Error Context: test-results/authentication-Authenticat-9c59b-out-after-5-failed-attempts-chromium/error-context.md


[1A[2K[14/120] [chromium] › e2e/authentication.spec.ts:210:5 › Authentication Flow › Security Features › sensitive data is not exposed in URLs or storage
[1A[2K[chromium] › e2e/authentication.spec.ts:210:5 › Authentication Flow › Security Features › sensitive data is not exposed in URLs or storage
[AUTH HELPER] Navigating to login page...

[1A[2K[15/120] [chromium] › e2e/authentication.spec.ts:196:5 › Authentication Flow › Security Features › login form prevents CSRF attacks
[1A[2K[AUTH HELPER] Page loaded, waiting for JS initialization...

[1A[2K[chromium] › e2e/authentication.spec.ts:154:5 › Authentication Flow › Session Management › multiple tabs share authentication state
[AUTH HELPER] JavaScript execution test: true

[1A[2K[AUTH HELPER] Number of script tags: 7

[1A[2K[AUTH HELPER] Login page navigation complete

[1A[2K[AUTH HELPER] Filling form with username: testuser

[1A[2K[AUTH HELPER] Submitting login form via button click...

[1A[2K[chromium] › e2e/authentication.spec.ts:196:5 › Authentication Flow › Security Features › login form prevents CSRF attacks
[AUTH HELPER] Navigating to login page...

[1A[2K[chromium] › e2e/authentication.spec.ts:182:5 › Authentication Flow › Security Features › password is masked in input field
[AUTH HELPER] JavaScript execution test: true

[1A[2K[AUTH HELPER] Number of script tags: 7

[1A[2K[AUTH HELPER] Login page navigation complete

[1A[2K[chromium] › e2e/authentication.spec.ts:154:5 › Authentication Flow › Session Management › multiple tabs share authentication state
[AUTH HELPER] Expecting redirect to dashboard...

[1A[2K[16/120] [chromium] › e2e/authentication.spec.ts:226:5 › Authentication Flow › Security Features › brute force protection works correctly
[1A[2K[chromium] › e2e/authentication.spec.ts:226:5 › Authentication Flow › Security Features › brute force protection works correctly
[AUTH HELPER] Navigating to login page...

[1A[2K[chromium] › e2e/authentication.spec.ts:196:5 › Authentication Flow › Security Features › login form prevents CSRF attacks
[AUTH HELPER] Page loaded, waiting for JS initialization...

[1A[2K[chromium] › e2e/authentication.spec.ts:210:5 › Authentication Flow › Security Features › sensitive data is not exposed in URLs or storage
[AUTH HELPER] Page title: OpenCode Nexus - Login

[1A[2K[AUTH HELPER] Login form visible: true

[1A[2K[chromium] › e2e/authentication.spec.ts:226:5 › Authentication Flow › Security Features › brute force protection works correctly
[AUTH HELPER] Page loaded, waiting for JS initialization...

[1A[2K[chromium] › e2e/authentication.spec.ts:154:5 › Authentication Flow › Session Management › multiple tabs share authentication state
[AUTH HELPER] Login successful, on dashboard

[1A[2K[chromium] › e2e/authentication.spec.ts:196:5 › Authentication Flow › Security Features › login form prevents CSRF attacks
[AUTH HELPER] Page title: OpenCode Nexus - Login

[1A[2K[AUTH HELPER] Login form visible: true

[1A[2K[chromium] › e2e/authentication.spec.ts:226:5 › Authentication Flow › Security Features › brute force protection works correctly
[AUTH HELPER] Page title: OpenCode Nexus - Login

[1A[2K[chromium] › e2e/authentication.spec.ts:210:5 › Authentication Flow › Security Features › sensitive data is not exposed in URLs or storage
[AUTH HELPER] JavaScript execution test: true

[1A[2K[AUTH HELPER] Number of script tags: 7

[1A[2K[AUTH HELPER] Login page navigation complete

[1A[2K[AUTH HELPER] Filling form with username: testuser

[1A[2K[chromium] › e2e/authentication.spec.ts:226:5 › Authentication Flow › Security Features › brute force protection works correctly
[AUTH HELPER] Login form visible: true

[1A[2K[chromium] › e2e/authentication.spec.ts:210:5 › Authentication Flow › Security Features › sensitive data is not exposed in URLs or storage
[AUTH HELPER] Submitting login form via button click...

[1A[2K[AUTH HELPER] Expecting redirect to dashboard...

[1A[2K[chromium] › e2e/authentication.spec.ts:196:5 › Authentication Flow › Security Features › login form prevents CSRF attacks
[AUTH HELPER] JavaScript execution test: true

[1A[2K[AUTH HELPER] Number of script tags: 7

[1A[2K[AUTH HELPER] Login page navigation complete

[1A[2K[chromium] › e2e/authentication.spec.ts:226:5 › Authentication Flow › Security Features › brute force protection works correctly
[AUTH HELPER] JavaScript execution test: true

[1A[2K[AUTH HELPER] Number of script tags: 7

[1A[2K[AUTH HELPER] Login page navigation complete

[1A[2K[17/120] [chromium] › e2e/authentication.spec.ts:264:5 › Authentication Flow › Accessibility › login form is keyboard accessible
[1A[2K[AUTH HELPER] Filling form with username: testuser

[1A[2K[chromium] › e2e/authentication.spec.ts:264:5 › Authentication Flow › Accessibility › login form is keyboard accessible
[AUTH HELPER] Navigating to login page...

[1A[2K[chromium] › e2e/authentication.spec.ts:226:5 › Authentication Flow › Security Features › brute force protection works correctly
[AUTH HELPER] Submitting login form via button click...

[1A[2K[AUTH HELPER] Expecting to stay on login page with error...

[1A[2K[chromium] › e2e/authentication.spec.ts:264:5 › Authentication Flow › Accessibility › login form is keyboard accessible
[AUTH HELPER] Page loaded, waiting for JS initialization...

[1A[2K[chromium] › e2e/authentication.spec.ts:226:5 › Authentication Flow › Security Features › brute force protection works correctly
[AUTH HELPER] Login failed as expected, error visible

[1A[2K[AUTH HELPER] Filling form with username: testuser

[1A[2K[chromium] › e2e/authentication.spec.ts:210:5 › Authentication Flow › Security Features › sensitive data is not exposed in URLs or storage
[AUTH HELPER] Login successful, on dashboard

[1A[2K[18/120] [chromium] › e2e/authentication.spec.ts:283:5 › Authentication Flow › Accessibility › form labels and ARIA attributes are present
[1A[2K[chromium] › e2e/authentication.spec.ts:283:5 › Authentication Flow › Accessibility › form labels and ARIA attributes are present
[AUTH HELPER] Navigating to login page...

[1A[2K[chromium] › e2e/authentication.spec.ts:226:5 › Authentication Flow › Security Features › brute force protection works correctly
[AUTH HELPER] Submitting login form via button click...

[1A[2K[AUTH HELPER] Expecting to stay on login page with error...

[1A[2K[chromium] › e2e/authentication.spec.ts:154:5 › Authentication Flow › Session Management › multiple tabs share authentication state
[TEST] ✓ sessionStorage is tab-specific (expected behavior)

[1A[2K[chromium] › e2e/authentication.spec.ts:226:5 › Authentication Flow › Security Features › brute force protection works correctly
[AUTH HELPER] Login failed as expected, error visible

[1A[2K[AUTH HELPER] Filling form with username: testuser

[1A[2K[chromium] › e2e/authentication.spec.ts:283:5 › Authentication Flow › Accessibility › form labels and ARIA attributes are present
[AUTH HELPER] Page loaded, waiting for JS initialization...

[1A[2K[chromium] › e2e/authentication.spec.ts:226:5 › Authentication Flow › Security Features › brute force protection works correctly
[AUTH HELPER] Submitting login form via button click...

[1A[2K[AUTH HELPER] Expecting to stay on login page with error...

[1A[2K[chromium] › e2e/authentication.spec.ts:264:5 › Authentication Flow › Accessibility › login form is keyboard accessible
[AUTH HELPER] Page title: OpenCode Nexus - Login

[1A[2K[AUTH HELPER] Login form visible: true

[1A[2K[chromium] › e2e/authentication.spec.ts:226:5 › Authentication Flow › Security Features › brute force protection works correctly
[AUTH HELPER] Login failed as expected, error visible

[1A[2K[19/120] [chromium] › e2e/authentication.spec.ts:298:5 › Authentication Flow › Accessibility › error messages are announced to screen readers
[1A[2K[AUTH HELPER] Filling form with username: testuser

[1A[2K[chromium] › e2e/authentication.spec.ts:298:5 › Authentication Flow › Accessibility › error messages are announced to screen readers
[AUTH HELPER] Navigating to login page...

[1A[2K[chromium] › e2e/authentication.spec.ts:226:5 › Authentication Flow › Security Features › brute force protection works correctly
[AUTH HELPER] Submitting login form via button click...

[1A[2K[AUTH HELPER] Expecting to stay on login page with error...

[1A[2K[chromium] › e2e/authentication.spec.ts:283:5 › Authentication Flow › Accessibility › form labels and ARIA attributes are present
[AUTH HELPER] Page title: OpenCode Nexus - Login

[1A[2K[AUTH HELPER] Login form visible: true

[1A[2K[chromium] › e2e/authentication.spec.ts:264:5 › Authentication Flow › Accessibility › login form is keyboard accessible
[AUTH HELPER] JavaScript execution test: true

[1A[2K[AUTH HELPER] Number of script tags: 7

[1A[2K[AUTH HELPER] Login page navigation complete

[1A[2K[chromium] › e2e/authentication.spec.ts:298:5 › Authentication Flow › Accessibility › error messages are announced to screen readers
[AUTH HELPER] Page loaded, waiting for JS initialization...

[1A[2K[chromium] › e2e/authentication.spec.ts:226:5 › Authentication Flow › Security Features › brute force protection works correctly
[AUTH HELPER] Login failed as expected, error visible

[1A[2K[AUTH HELPER] Filling form with username: testuser

[1A[2K[AUTH HELPER] Submitting login form via button click...

[1A[2K[AUTH HELPER] Expecting to stay on login page with error...

[1A[2K[chromium] › e2e/authentication.spec.ts:283:5 › Authentication Flow › Accessibility › form labels and ARIA attributes are present
[AUTH HELPER] JavaScript execution test: true

[1A[2K[AUTH HELPER] Number of script tags: 7

[1A[2K[AUTH HELPER] Login page navigation complete

[1A[2K[chromium] › e2e/authentication.spec.ts:226:5 › Authentication Flow › Security Features › brute force protection works correctly
[AUTH HELPER] Login failed as expected, error visible

[1A[2K[20/120] [chromium] › e2e/chat-interface.spec.ts:39:5 › Chat Interface › Core Chat Functionality › send message and receive streaming response (API integration)
[1A[2K[chromium] › e2e/chat-interface.spec.ts:39:5 › Chat Interface › Core Chat Functionality › send message and receive streaming response (API integration)
[CHAT HELPER] Starting login and server setup...

[1A[2K[21/120] [chromium] › e2e/chat-interface.spec.ts:115:10 › Chat Interface › Core Chat Functionality › keyboard shortcuts work correctly
[1A[2K[22/120] [chromium] › e2e/chat-interface.spec.ts:136:5 › Chat Interface › Core Chat Functionality › message history persists across sessions (API integration)
[1A[2K[chromium] › e2e/chat-interface.spec.ts:136:5 › Chat Interface › Core Chat Functionality › message history persists across sessions (API integration)
[CHAT HELPER] Starting login and server setup...

[1A[2K[chromium] › e2e/authentication.spec.ts:298:5 › Authentication Flow › Accessibility › error messages are announced to screen readers
[AUTH HELPER] Page title: OpenCode Nexus - Login

[1A[2K[AUTH HELPER] Login form visible: true

[1A[2K[AUTH HELPER] JavaScript execution test: true

[1A[2K[AUTH HELPER] Number of script tags: 7

[1A[2K[AUTH HELPER] Login page navigation complete

[1A[2K[23/120] [chromium] › e2e/chat-interface.spec.ts:192:10 › Chat Interface › Core Chat Functionality › chat interface is accessible (WCAG 2.2 AA)
[1A[2K[24/120] [chromium] › e2e/chat-interface.spec.ts:218:10 › Chat Interface › Session Management › create and switch between multiple chat sessions
[1A[2K[25/120] [chromium] › e2e/chat-interface.spec.ts:252:10 › Chat Interface › Session Management › session titles update based on conversation content
[1A[2K[26/120] [chromium] › e2e/chat-interface.spec.ts:272:10 › Chat Interface › Session Management › delete session removes it from session list
[1A[2K[27/120] [chromium] › e2e/chat-interface.spec.ts:304:10 › Chat Interface › File Context Sharing › upload and share file context with AI
[1A[2K[28/120] [chromium] › e2e/chat-interface.spec.ts:327:10 › Chat Interface › File Context Sharing › remove file from context
[1A[2K[29/120] [chromium] › e2e/chat-interface.spec.ts:344:10 › Chat Interface › Error Handling › handles server disconnection gracefully
[1A[2K[30/120] [chromium] › e2e/chat-interface.spec.ts:368:10 › Chat Interface › Error Handling › retry mechanism works after connection restored
[1A[2K[31/120] [chromium] › e2e/chat-interface.spec.ts:397:10 › Chat Interface › Error Handling › handles extremely long messages appropriately
[1A[2K[32/120] [chromium] › e2e/chat-interface.spec.ts:425:10 › Chat Interface › Performance › chat response time is under 2 seconds for simple queries
[1A[2K[33/120] [chromium] › e2e/chat-interface.spec.ts:444:10 › Chat Interface › Performance › chat interface remains responsive during message streaming
[1A[2K[34/120] [chromium] › e2e/chat.spec.ts:67:3 › Chat Interface › should display chat interface after loading
[1A[2K[35/120] [chromium] › e2e/chat.spec.ts:88:3 › Chat Interface › should send and display messages
[1A[2K[36/120] [chromium] › e2e/chat.spec.ts:109:3 › Chat Interface › should handle message input validation
[1A[2K[37/120] [chromium] › e2e/chat.spec.ts:131:3 › Chat Interface › should support keyboard shortcuts
[1A[2K[38/120] [chromium] › e2e/chat.spec.ts:149:3 › Chat Interface › should display message timestamps
[1A[2K[39/120] [chromium] › e2e/chat.spec.ts:165:3 › Chat Interface › should handle message formatting
[1A[2K[40/120] [chromium] › e2e/chat.spec.ts:182:3 › Chat Interface › should maintain message history
[1A[2K[41/120] [chromium] › e2e/chat.spec.ts:202:3 › Chat Interface › should handle long messages gracefully
[1A[2K[42/120] [chromium] › e2e/chat.spec.ts:219:3 › Chat Interface › should auto-scroll to new messages
[1A[2K[43/120] [chromium] › e2e/chat.spec.ts:249:3 › Chat Interface › should be accessible with screen reader
[1A[2K[44/120] [chromium] › e2e/chat.spec.ts:267:3 › Chat Interface › should create new chat sessions
[1A[2K[45/120] [chromium] › e2e/chat.spec.ts:282:3 › Chat Interface › should switch between chat sessions
[1A[2K[46/120] [chromium] › e2e/chat.spec.ts:311:3 › Chat Interface › should handle server unavailable gracefully
[1A[2K[47/120] [chromium] › e2e/critical-flows.spec.ts:8:5 › Critical End-to-End User Flows › First-Time User Journey › complete first-time user experience: onboarding → chat
[1A[2K[chromium] › e2e/chat-interface.spec.ts:39:5 › Chat Interface › Core Chat Functionality › send message and receive streaming response (API integration)
[CHAT HELPER] Authentication result: true

[1A[2K[chromium] › e2e/chat-interface.spec.ts:136:5 › Chat Interface › Core Chat Functionality › message history persists across sessions (API integration)
[CHAT HELPER] Authentication result: true

[1A[2K[chromium] › e2e/chat-interface.spec.ts:39:5 › Chat Interface › Core Chat Functionality › send message and receive streaming response (API integration)
[CHAT HELPER] Server status:   Running 

[1A[2K[CHAT HELPER] Navigating to chat interface...

[1A[2K[CHAT HELPER] On chat page, waiting for interface to load...

[1A[2K[CHAT HELPER] Manually initializing chat interface...

[1A[2K[chromium] › e2e/chat-interface.spec.ts:136:5 › Chat Interface › Core Chat Functionality › message history persists across sessions (API integration)
[CHAT HELPER] Server status:   Running 

[1A[2K[CHAT HELPER] Navigating to chat interface...

[1A[2K[chromium] › e2e/chat-interface.spec.ts:39:5 › Chat Interface › Core Chat Functionality › send message and receive streaming response (API integration)
[CHAT HELPER] Manual initialization failed: Error: page.evaluate: TypeError: Failed to resolve module specifier 'svelte/store'
    at eval (eval at evaluate (:291:30), <anonymous>:11:13)
    at async <anonymous>:317:30

[1A[2K[CHAT HELPER] Will fall back to API-only testing

[1A[2K[CHAT HELPER] Sending message via API: Write a Python function to calculate factorial

[1A[2K[CHAT HELPER] Using session: mock-chat-1

[1A[2K[CHAT HELPER] Message sent via API

[1A[2K[chromium] › e2e/chat-interface.spec.ts:136:5 › Chat Interface › Core Chat Functionality › message history persists across sessions (API integration)
[CHAT HELPER] On chat page, waiting for interface to load...

[1A[2K[CHAT HELPER] Manually initializing chat interface...

[1A[2K[CHAT HELPER] Manual initialization failed: Error: page.evaluate: TypeError: Failed to resolve module specifier 'svelte/store'
    at eval (eval at evaluate (:291:30), <anonymous>:11:13)
    at async <anonymous>:317:30

[1A[2K[CHAT HELPER] Will fall back to API-only testing

[1A[2K[CHAT HELPER] Sending message via API: First message

[1A[2K[CHAT HELPER] Using session: mock-chat-1

[1A[2K[CHAT HELPER] Message sent via API

[1A[2K  2) [chromium] › e2e/authentication.spec.ts:226:5 › Authentication Flow › Security Features › brute force protection works correctly 

    Error: [2mexpect([22m[31mlocator[39m[2m).[22mtoBeVisible[2m()[22m failed

    Locator:  locator('[data-testid="account-locked"]').first()
    Expected: visible
    Received: <element(s) not found>
    Timeout:  5000ms

    Call log:
    [2m  - Expect "toBeVisible" with timeout 5000ms[22m
    [2m  - waiting for locator('[data-testid="account-locked"]').first()[22m


      257 |       
      258 |       // Verify lockout occurred
    > 259 |       await expect(page.locator('[data-testid="account-locked"]').first()).toBeVisible();
          |                                                                            ^
      260 |     });
      261 |   });
      262 |
        at /home/f3rg/src/github/opencode-nexus/frontend/e2e/authentication.spec.ts:259:76

    Error Context: test-results/authentication-Authenticat-85f53--protection-works-correctly-chromium/error-context.md


[1A[2K[CHAT HELPER] Sending message via API: Second message

[1A[2K[CHAT HELPER] Using session: mock-chat-1

[1A[2K[CHAT HELPER] Message sent via API

[1A[2K[48/120] [chromium] › e2e/critical-flows.spec.ts:117:5 › Critical End-to-End User Flows › First-Time User Journey › onboarding handles system requirement failures
[1A[2K[49/120] [chromium] › e2e/critical-flows.spec.ts:156:5 › Critical End-to-End User Flows › Returning User Workflows › returning user quick access flow
[1A[2K[chromium] › e2e/critical-flows.spec.ts:156:5 › Critical End-to-End User Flows › Returning User Workflows › returning user quick access flow
[AUTH HELPER] Navigating to login page...

[1A[2K[chromium] › e2e/chat-interface.spec.ts:136:5 › Chat Interface › Core Chat Functionality › message history persists across sessions (API integration)
[CHAT HELPER] Navigating to chat interface...

[1A[2K[CHAT HELPER] On chat page, waiting for interface to load...

[1A[2K[CHAT HELPER] Manually initializing chat interface...

[1A[2K[CHAT HELPER] Manual initialization failed: Error: page.evaluate: TypeError: Failed to resolve module specifier 'svelte/store'
    at eval (eval at evaluate (:291:30), <anonymous>:11:13)
    at async <anonymous>:317:30

[1A[2K[CHAT HELPER] Will fall back to API-only testing

[1A[2K[50/120] [chromium] › e2e/critical-flows.spec.ts:221:5 › Critical End-to-End User Flows › Returning User Workflows › user can pick up interrupted workflow
[1A[2K  3) [chromium] › e2e/critical-flows.spec.ts:8:5 › Critical End-to-End User Flows › First-Time User Journey › complete first-time user experience: onboarding → chat 

    Error: [2mexpect([22m[31mpage[39m[2m).[22mtoHaveURL[2m([22m[32mexpected[39m[2m)[22m failed

    Expected pattern: [32m/onboarding/[39m
    Received string:  [31m"http://localhost:1421/"[39m
    Timeout: 5000ms

    Call log:
    [2m  - Expect "toHaveURL" with timeout 5000ms[22m
    [2m    9 × unexpected value "http://localhost:1421/"[22m


      17 |       
      18 |       // Should redirect to onboarding for new user
    > 19 |       await expect(page).toHaveURL(/onboarding/);
         |                          ^
      20 |       
      21 |       // 2. Complete 6-step onboarding process
      22 |       await test.step('Complete onboarding wizard', async () => {
        at /home/f3rg/src/github/opencode-nexus/frontend/e2e/critical-flows.spec.ts:19:26

    Error Context: test-results/critical-flows-Critical-En-23730-xperience-onboarding-→-chat-chromium/error-context.md


[1A[2K[chromium] › e2e/critical-flows.spec.ts:221:5 › Critical End-to-End User Flows › Returning User Workflows › user can pick up interrupted workflow
[CHAT HELPER] Starting login and server setup...

[1A[2K[chromium] › e2e/critical-flows.spec.ts:156:5 › Critical End-to-End User Flows › Returning User Workflows › returning user quick access flow
[AUTH HELPER] Page loaded, waiting for JS initialization...

[1A[2K[51/120] [chromium] › e2e/critical-flows.spec.ts:262:5 › Critical End-to-End User Flows › Server Integration Workflows › chat → server management → chat continuity
[1A[2K[chromium] › e2e/critical-flows.spec.ts:262:5 › Critical End-to-End User Flows › Server Integration Workflows › chat → server management → chat continuity
[CHAT HELPER] Starting login and server setup...

[1A[2K[chromium] › e2e/critical-flows.spec.ts:156:5 › Critical End-to-End User Flows › Returning User Workflows › returning user quick access flow
[AUTH HELPER] Page title: OpenCode Nexus - Login

[1A[2K[AUTH HELPER] Login form visible: true

[1A[2K[chromium] › e2e/critical-flows.spec.ts:221:5 › Critical End-to-End User Flows › Returning User Workflows › user can pick up interrupted workflow
[CHAT HELPER] Authentication result: true

[1A[2K[chromium] › e2e/critical-flows.spec.ts:156:5 › Critical End-to-End User Flows › Returning User Workflows › returning user quick access flow
[AUTH HELPER] JavaScript execution test: true

[1A[2K[AUTH HELPER] Number of script tags: 7

[1A[2K[AUTH HELPER] Login page navigation complete

[1A[2K[AUTH HELPER] Filling form with username: testuser

[1A[2K[AUTH HELPER] Submitting login form via button click...

[1A[2K[AUTH HELPER] Expecting redirect to dashboard...

[1A[2K[chromium] › e2e/critical-flows.spec.ts:262:5 › Critical End-to-End User Flows › Server Integration Workflows › chat → server management → chat continuity
[CHAT HELPER] Authentication result: true

[1A[2K[chromium] › e2e/critical-flows.spec.ts:221:5 › Critical End-to-End User Flows › Returning User Workflows › user can pick up interrupted workflow
[CHAT HELPER] Server status:   Running 

[1A[2K[CHAT HELPER] Navigating to chat interface...

[1A[2K[CHAT HELPER] On chat page, waiting for interface to load...

[1A[2K[CHAT HELPER] Manually initializing chat interface...

[1A[2K[CHAT HELPER] Manual initialization failed: Error: page.evaluate: TypeError: Failed to resolve module specifier 'svelte/store'
    at eval (eval at evaluate (:291:30), <anonymous>:11:13)
    at async <anonymous>:317:30

[1A[2K[CHAT HELPER] Will fall back to API-only testing

[1A[2K[CHAT HELPER] Sending message via API: I want to build a React component

[1A[2K[CHAT HELPER] Using session: mock-chat-1

[1A[2K[CHAT HELPER] Message sent via API

[1A[2K[chromium] › e2e/critical-flows.spec.ts:156:5 › Critical End-to-End User Flows › Returning User Workflows › returning user quick access flow
[AUTH HELPER] Login successful, on dashboard

[1A[2K[chromium] › e2e/critical-flows.spec.ts:262:5 › Critical End-to-End User Flows › Server Integration Workflows › chat → server management → chat continuity
[CHAT HELPER] Server status:   Running 

[1A[2K[CHAT HELPER] Navigating to chat interface...

[1A[2K[CHAT HELPER] On chat page, waiting for interface to load...

[1A[2K[CHAT HELPER] Manually initializing chat interface...

[1A[2K[CHAT HELPER] Manual initialization failed: Error: page.evaluate: TypeError: Failed to resolve module specifier 'svelte/store'
    at eval (eval at evaluate (:291:30), <anonymous>:11:13)
    at async <anonymous>:317:30

[1A[2K[CHAT HELPER] Will fall back to API-only testing

[1A[2K[CHAT HELPER] Sending message via API: I'm working on a Python project

[1A[2K[CHAT HELPER] Using session: mock-chat-1

[1A[2K[CHAT HELPER] Message sent via API

[1A[2K  4) [chromium] › e2e/critical-flows.spec.ts:262:5 › Critical End-to-End User Flows › Server Integration Workflows › chat → server management → chat continuity 

    Error: [2mexpect([22m[31mlocator[39m[2m).[22mtoContainText[2m([22m[32mexpected[39m[2m)[22m failed

    Locator: locator('[data-testid="server-status"]')
    Expected string: [32m"Stopped"[39m
    Received string: [31m"  Running "[39m
    Timeout: 10000ms

    Call log:
    [2m  - Expect "toContainText" with timeout 10000ms[22m
    [2m  - waiting for locator('[data-testid="server-status"]')[22m
    [2m    14 × locator resolved to <div id="server-status" aria-live="polite" aria-atomic="true" class="status-indicator" data-astro-cid-3nssi2tu="" data-testid="server-status" aria-label="Server is running">…</div>[22m
    [2m       - unexpected value "  Running "[22m


       at helpers/server-management.ts:61

      59 |
      60 |   async waitForServerStopped() {
    > 61 |     await expect(this.page.locator('[data-testid="server-status"]')).toContainText('Stopped', { 
         |                                                                      ^
      62 |       timeout: 10000 
      63 |     });
      64 |     
        at ServerHelper.waitForServerStopped (/home/f3rg/src/github/opencode-nexus/frontend/e2e/helpers/server-management.ts:61:70)
        at /home/f3rg/src/github/opencode-nexus/frontend/e2e/critical-flows.spec.ts:290:22
        at /home/f3rg/src/github/opencode-nexus/frontend/e2e/critical-flows.spec.ts:279:7

    Error Context: test-results/critical-flows-Critical-En-25725-anagement-→-chat-continuity-chromium/error-context.md


[1A[2K[52/120] [chromium] › e2e/critical-flows.spec.ts:330:5 › Critical End-to-End User Flows › Server Integration Workflows › server configuration changes affect chat connectivity
[1A[2K[chromium] › e2e/critical-flows.spec.ts:330:5 › Critical End-to-End User Flows › Server Integration Workflows › server configuration changes affect chat connectivity
[CHAT HELPER] Starting login and server setup...

[1A[2K[CHAT HELPER] Authentication result: true

[1A[2K[CHAT HELPER] Server status:   Running 

[1A[2K[CHAT HELPER] Navigating to chat interface...

[1A[2K[CHAT HELPER] On chat page, waiting for interface to load...

[1A[2K[CHAT HELPER] Manually initializing chat interface...

[1A[2K[CHAT HELPER] Manual initialization failed: Error: page.evaluate: TypeError: Failed to resolve module specifier 'svelte/store'
    at eval (eval at evaluate (:291:30), <anonymous>:11:13)
    at async <anonymous>:317:30

[1A[2K[CHAT HELPER] Will fall back to API-only testing

[1A[2K[CHAT HELPER] Sending message via API: Testing server configuration

[1A[2K[CHAT HELPER] Using session: mock-chat-1

[1A[2K[CHAT HELPER] Message sent via API

[1A[2K  5) [chromium] › e2e/critical-flows.spec.ts:330:5 › Critical End-to-End User Flows › Server Integration Workflows › server configuration changes affect chat connectivity 

    Error: [2mexpect([22m[31mlocator[39m[2m).[22mtoContainText[2m([22m[32mexpected[39m[2m)[22m failed

    Locator: locator('[data-testid="server-status"]')
    Expected string: [32m"[7mStopp[27ming"[39m
    Received string: [31m"[7m  Runn[27ming[7m [27m"[39m
    Timeout: 5000ms

    Call log:
    [2m  - Expect "toContainText" with timeout 5000ms[22m
    [2m  - waiting for locator('[data-testid="server-status"]')[22m
    [2m    9 × locator resolved to <div id="server-status" aria-live="polite" aria-atomic="true" class="status-indicator" data-astro-cid-3nssi2tu="" data-testid="server-status" aria-label="Server is running">…</div>[22m
    [2m      - unexpected value "  Running "[22m


       at helpers/server-management.ts:36

      34 |     
      35 |     // Expect status to change to stopping, then stopped
    > 36 |     await expect(this.page.locator('[data-testid="server-status"]')).toContainText('Stopping');
         |                                                                      ^
      37 |     await this.waitForServerStopped();
      38 |   }
      39 |
        at ServerHelper.stopServer (/home/f3rg/src/github/opencode-nexus/frontend/e2e/helpers/server-management.ts:36:70)
        at /home/f3rg/src/github/opencode-nexus/frontend/e2e/critical-flows.spec.ts:347:9
        at /home/f3rg/src/github/opencode-nexus/frontend/e2e/critical-flows.spec.ts:343:7

    Error Context: test-results/critical-flows-Critical-En-625bf-es-affect-chat-connectivity-chromium/error-context.md


[1A[2K[53/120] [chromium] › e2e/critical-flows.spec.ts:383:5 › Critical End-to-End User Flows › Error Recovery Workflows › graceful handling of complete system failure and recovery
[1A[2K[chromium] › e2e/critical-flows.spec.ts:383:5 › Critical End-to-End User Flows › Error Recovery Workflows › graceful handling of complete system failure and recovery
[CHAT HELPER] Starting login and server setup...

[1A[2K[CHAT HELPER] Authentication result: true

[1A[2K[CHAT HELPER] Server status:   Running 

[1A[2K[CHAT HELPER] Navigating to chat interface...

[1A[2K[CHAT HELPER] On chat page, waiting for interface to load...

[1A[2K[CHAT HELPER] Manually initializing chat interface...

[1A[2K[CHAT HELPER] Manual initialization failed: Error: page.evaluate: TypeError: Failed to resolve module specifier 'svelte/store'
    at eval (eval at evaluate (:291:30), <anonymous>:11:13)
    at async <anonymous>:317:30

[1A[2K[CHAT HELPER] Will fall back to API-only testing

[1A[2K[CHAT HELPER] Sending message via API: System is working perfectly

[1A[2K[CHAT HELPER] Using session: mock-chat-1

[1A[2K[CHAT HELPER] Message sent via API

[1A[2K[CHAT HELPER] Sending message via API: This should fail

[1A[2K[CHAT HELPER] Using session: mock-chat-1

[1A[2K[CHAT HELPER] Message sent via API

[1A[2K  6) [chromium] › e2e/critical-flows.spec.ts:383:5 › Critical End-to-End User Flows › Error Recovery Workflows › graceful handling of complete system failure and recovery 

    Error: [2mexpect([22m[31mlocator[39m[2m).[22mtoBeVisible[2m()[22m failed

    Locator:  locator('[data-testid="system-error"]')
    Expected: visible
    Received: <element(s) not found>
    Timeout:  5000ms

    Call log:
    [2m  - Expect "toBeVisible" with timeout 5000ms[22m
    [2m  - waiting for locator('[data-testid="system-error"]')[22m


      403 |         
      404 |         // Should show system-wide error state
    > 405 |         await expect(page.locator('[data-testid="system-error"]')).toBeVisible();
          |                                                                    ^
      406 |       });
      407 |       
      408 |       // Simulate recovery
        at /home/f3rg/src/github/opencode-nexus/frontend/e2e/critical-flows.spec.ts:405:68
        at /home/f3rg/src/github/opencode-nexus/frontend/e2e/critical-flows.spec.ts:397:7

    Error Context: test-results/critical-flows-Critical-En-afa36-system-failure-and-recovery-chromium/error-context.md


[1A[2K[54/120] [chromium] › e2e/critical-flows.spec.ts:447:5 › Critical End-to-End User Flows › Error Recovery Workflows › handles network interruptions during active chat
[1A[2K[chromium] › e2e/critical-flows.spec.ts:447:5 › Critical End-to-End User Flows › Error Recovery Workflows › handles network interruptions during active chat
[CHAT HELPER] Starting login and server setup...

[1A[2K[CHAT HELPER] Authentication result: true

[1A[2K[CHAT HELPER] Server status:   Running 

[1A[2K[CHAT HELPER] Navigating to chat interface...

[1A[2K[CHAT HELPER] On chat page, waiting for interface to load...

[1A[2K[CHAT HELPER] Manually initializing chat interface...

[1A[2K[CHAT HELPER] Manual initialization failed: Error: page.evaluate: TypeError: Failed to resolve module specifier 'svelte/store'
    at eval (eval at evaluate (:291:30), <anonymous>:11:13)
    at async <anonymous>:317:30

[1A[2K[CHAT HELPER] Will fall back to API-only testing

[1A[2K[CHAT HELPER] Sending message via API: Tell me about async programming

[1A[2K[CHAT HELPER] Using session: mock-chat-1

[1A[2K[CHAT HELPER] Message sent via API

[1A[2K  7) [chromium] › e2e/critical-flows.spec.ts:156:5 › Critical End-to-End User Flows › Returning User Workflows › returning user quick access flow › Quick server startup 

    [31mTest timeout of 45000ms exceeded.[39m

    Error: page.click: Test timeout of 45000ms exceeded.
    Call log:
    [2m  - waiting for locator('[data-testid="start-server-button"]')[22m
    [2m    - locator resolved to <button disabled class="btn-primary" id="start-server-btn" data-action="start-server" data-astro-cid-3nssi2tu="" data-testid="start-server-button">↵Start Server↵</button>[22m
    [2m  - attempting click action[22m
    [2m    2 × waiting for element to be visible, enabled and stable[22m
    [2m      - element is not enabled[22m
    [2m    - retrying click action[22m
    [2m    - waiting 20ms[22m
    [2m    2 × waiting for element to be visible, enabled and stable[22m
    [2m      - element is not enabled[22m
    [2m    - retrying click action[22m
    [2m      - waiting 100ms[22m
    [2m    78 × waiting for element to be visible, enabled and stable[22m
    [2m       - element is not enabled[22m
    [2m     - retrying click action[22m
    [2m       - waiting 500ms[22m


       at helpers/server-management.ts:20

      18 |
      19 |   async startServer(options?: { expectFailure?: boolean }) {
    > 20 |     await this.page.click('[data-testid="start-server-button"]');
         |                     ^
      21 |     
      22 |     if (!options?.expectFailure) {
      23 |       // Expect status to change to starting, then running
        at ServerHelper.startServer (/home/f3rg/src/github/opencode-nexus/frontend/e2e/helpers/server-management.ts:20:21)
        at /home/f3rg/src/github/opencode-nexus/frontend/e2e/critical-flows.spec.ts:173:22
        at /home/f3rg/src/github/opencode-nexus/frontend/e2e/critical-flows.spec.ts:171:18

    Error Context: test-results/critical-flows-Critical-En-cfbcd-ning-user-quick-access-flow-chromium/error-context.md


[1A[2K[55/120] [chromium] › e2e/critical-flows.spec.ts:493:5 › Critical End-to-End User Flows › Performance Integration › complete user workflow meets performance targets
[1A[2K[chromium] › e2e/critical-flows.spec.ts:493:5 › Critical End-to-End User Flows › Performance Integration › complete user workflow meets performance targets
[AUTH HELPER] Navigating to login page...

[1A[2K[AUTH HELPER] Page loaded, waiting for JS initialization...

[1A[2K[AUTH HELPER] Page title: OpenCode Nexus - Login

[1A[2K[AUTH HELPER] Login form visible: true

[1A[2K[AUTH HELPER] JavaScript execution test: true

[1A[2K[AUTH HELPER] Number of script tags: 7

[1A[2K[AUTH HELPER] Login page navigation complete

[1A[2K[AUTH HELPER] Filling form with username: testuser

[1A[2K[AUTH HELPER] Submitting login form via button click...

[1A[2K[AUTH HELPER] Expecting redirect to dashboard...

[1A[2K  8) [chromium] › e2e/critical-flows.spec.ts:447:5 › Critical End-to-End User Flows › Error Recovery Workflows › handles network interruptions during active chat 

    Error: [2mexpect([22m[31mlocator[39m[2m).[22mtoBeVisible[2m()[22m failed

    Locator:  locator('[data-testid="typing-indicator"]')
    Expected: visible
    Received: <element(s) not found>
    Timeout:  5000ms

    Call log:
    [2m  - Expect "toBeVisible" with timeout 5000ms[22m
    [2m  - waiting for locator('[data-testid="typing-indicator"]')[22m


       at helpers/chat.ts:220

      218 |   async waitForStreamingResponse() {
      219 |     // Wait for typing indicator
    > 220 |     await expect(this.page.locator('[data-testid="typing-indicator"]')).toBeVisible();
          |                                                                         ^
      221 |     
      222 |     // Wait for AI response to start streaming
      223 |     await expect(this.page.locator('[data-testid="ai-message"]').last()).toBeVisible();
        at ChatHelper.waitForStreamingResponse (/home/f3rg/src/github/opencode-nexus/frontend/e2e/helpers/chat.ts:220:73)
        at /home/f3rg/src/github/opencode-nexus/frontend/e2e/critical-flows.spec.ts:457:18

    Error Context: test-results/critical-flows-Critical-En-416fd-ruptions-during-active-chat-chromium/error-context.md


[1A[2K[56/120] [chromium] › e2e/dashboard.spec.ts:12:3 › Dashboard Functionality - Static Tests › should redirect to login when not authenticated
[1A[2K[57/120] [chromium] › e2e/dashboard.spec.ts:18:3 › Dashboard Functionality - Static Tests › login page should have proper structure
[1A[2K[AUTH HELPER] Login successful, on dashboard

[1A[2K[58/120] [chromium] › e2e/debug-auth.spec.ts:4:3 › Debug Authentication › debug login flow step by step
[1A[2K  9) [chromium] › e2e/critical-flows.spec.ts:493:5 › Critical End-to-End User Flows › Performance Integration › complete user workflow meets performance targets › Timed login 

    Error: [2mexpect([22m[31mreceived[39m[2m).[22mtoBeLessThan[2m([22m[32mexpected[39m[2m)[22m

    Expected: < [32m3000[39m
    Received:   [31m4611[39m

      511 |         performanceMetrics.loginTime = Date.now() - startTime;
      512 |         
    > 513 |         expect(performanceMetrics.loginTime).toBeLessThan(3000); // < 3 seconds
          |                                              ^
      514 |       });
      515 |       
      516 |       // Time server startup
        at /home/f3rg/src/github/opencode-nexus/frontend/e2e/critical-flows.spec.ts:513:46
        at /home/f3rg/src/github/opencode-nexus/frontend/e2e/critical-flows.spec.ts:508:7

    Error Context: test-results/critical-flows-Critical-En-039ed-w-meets-performance-targets-chromium/error-context.md


[1A[2K[chromium] › e2e/debug-auth.spec.ts:4:3 › Debug Authentication › debug login flow step by step
BROWSER: X-Frame-Options may only be set via an HTTP header sent along with a document. It may not be set inside <meta>.

[1A[2KBROWSER: [vite] connecting...

[1A[2KBROWSER: [vite] connected.

[1A[2KBROWSER: [INFO] 🚀 OpenCode Nexus application started 

[1A[2KBROWSER: Failed to log to backend: TypeError: Cannot read properties of undefined (reading 'invoke')
    at invoke (http://localhost:1421/node_modules/.vite/deps/@tauri-apps_api_core.js?v=91ac65a0:102:37)
    at Logger.logToBackend (http://localhost:1421/src/utils/logger.ts:47:13)
    at Logger.info (http://localhost:1421/src/utils/logger.ts:31:16)
    at initializeApp (http://localhost:1421/src/utils/init.ts:4:18)
    at http://localhost:1421/src/utils/init.ts:17:1

[1A[2KBROWSER: [INFO] User Agent: Mozilla/5.0 (Windows NT 10.0; Win64; x64) AppleWebKit/537.36 (KHTML, like Gecko) Chrome/140.0.7339.16 Safari/537.36 

[1A[2KBROWSER: Failed to log to backend: TypeError: Cannot read properties of undefined (reading 'invoke')
    at invoke (http://localhost:1421/node_modules/.vite/deps/@tauri-apps_api_core.js?v=91ac65a0:102:37)
    at Logger.logToBackend (http://localhost:1421/src/utils/logger.ts:47:13)
    at Logger.info (http://localhost:1421/src/utils/logger.ts:31:16)
    at initializeApp (http://localhost:1421/src/utils/init.ts:5:18)

[1A[2KBROWSER: [INFO] Platform: Linux x86_64 

[1A[2KBROWSER: Failed to log to backend: TypeError: Cannot read properties of undefined (reading 'invoke')
    at invoke (http://localhost:1421/node_modules/.vite/deps/@tauri-apps_api_core.js?v=91ac65a0:102:37)
    at Logger.logToBackend (http://localhost:1421/src/utils/logger.ts:47:13)
    at Logger.info (http://localhost:1421/src/utils/logger.ts:31:16)
    at initializeApp (http://localhost:1421/src/utils/init.ts:6:18)

[1A[2KBROWSER: [INFO] URL: http://localhost:1421/ 

[1A[2KBROWSER: Failed to log to backend: TypeError: Cannot read properties of undefined (reading 'invoke')
    at invoke (http://localhost:1421/node_modules/.vite/deps/@tauri-apps_api_core.js?v=91ac65a0:102:37)
    at Logger.logToBackend (http://localhost:1421/src/utils/logger.ts:47:13)
    at Logger.info (http://localhost:1421/src/utils/logger.ts:31:16)
    at initializeApp (http://localhost:1421/src/utils/init.ts:7:18)

[1A[2KBROWSER: [WARN] ❌ Tauri environment not detected - running in browser mode 

[1A[2KBROWSER: Failed to log to backend: TypeError: Cannot read properties of undefined (reading 'invoke')
    at invoke (http://localhost:1421/node_modules/.vite/deps/@tauri-apps_api_core.js?v=91ac65a0:102:37)
    at Logger.logToBackend (http://localhost:1421/src/utils/logger.ts:47:13)
    at Logger.warn (http://localhost:1421/src/utils/logger.ts:35:16)
    at initializeApp (http://localhost:1421/src/utils/init.ts:11:20)

[1A[2KBROWSER: [API] Invoking command: get_onboarding_state undefined

[1A[2KBROWSER: [API] Environment check: {isTauri: false, canAuthenticate: true, environment: test}

[1A[2KBROWSER: [MOCK API] Using mock implementation for get_onboarding_state

[1A[2KBROWSER: [MOCK API] get_onboarding_state called

[1A[2KBROWSER: [MOCK API] get_onboarding_state result: {config: Object, system_requirements: Object, opencode_detected: true, opencode_path: /fake/test/path/opencode}

[1A[2KBROWSER: [API] Invoking command: is_authenticated undefined

[1A[2KBROWSER: [API] Environment check: {isTauri: false, canAuthenticate: true, environment: test}

[1A[2KBROWSER: [MOCK API] Using mock implementation for is_authenticated

[1A[2KBROWSER: [MOCK API] is_authenticated called

[1A[2KBROWSER: [MOCK API] is_authenticated result: true

[1A[2KBROWSER: [API] Invoking command: get_user_info undefined

[1A[2KBROWSER: [API] Environment check: {isTauri: false, canAuthenticate: true, environment: test}

[1A[2KBROWSER: [MOCK API] Using mock implementation for get_user_info

[1A[2KBROWSER: [MOCK API] get_user_info called

[1A[2KBROWSER: [MOCK API] get_user_info result: [testuser, 2024-01-01 12:00:00 UTC, 2024-01-01 13:00:00 UTC]

[1A[2KBROWSER: Welcome back, testuser!

[1A[2KBROWSER: Failed to initialize app: TypeError: Cannot use 'in' operator to search for 'Symbol($state)' in undefined
    at Module.prop (http://localhost:1421/node_modules/.vite/deps/chunk-QEWDIRPQ.js?v=91ac65a0:3700:39)
    at new SessionGrid (http://localhost:1421/src/components/SessionGrid.svelte:16:19)
    at mountSessionGrid (http://localhost:1421/src/pages/index.astro?astro&type=script&index=0&lang.ts:50:28)
    at initializeApp (http://localhost:1421/src/pages/index.astro?astro&type=script&index=0&lang.ts:31:5)

[1A[2K✅ Navigated to app

[1A[2K📍 Current URL: http://localhost:1421/

[1A[2K🔧 Setting up test environment...

[1A[2KBROWSER: ⚠️ Setup error (may be normal): Failed to resolve module specifier '@tauri-apps/api/core'

[1A[2KBROWSER: X-Frame-Options may only be set via an HTTP header sent along with a document. It may not be set inside <meta>.

[1A[2KBROWSER: [vite] connecting...

[1A[2KBROWSER: 🔍 LoginManager: Elements found: {form: true, username: true, password: true, button: true}

[1A[2KBROWSER: 🔍 LoginManager: Elements found: {form: true, username: true, password: true, button: true}

[1A[2KBROWSER: [vite] connected.

[1A[2KBROWSER: [INFO] 🚀 OpenCode Nexus application started 

[1A[2KBROWSER: Failed to log to backend: TypeError: Cannot read properties of undefined (reading 'invoke')
    at invoke (http://localhost:1421/node_modules/.vite/deps/@tauri-apps_api_core.js?v=91ac65a0:102:37)
    at Logger.logToBackend (http://localhost:1421/src/utils/logger.ts:47:13)
    at Logger.info (http://localhost:1421/src/utils/logger.ts:31:16)
    at initializeApp (http://localhost:1421/src/utils/init.ts:4:18)
    at http://localhost:1421/src/utils/init.ts:17:1

[1A[2KBROWSER: [INFO] User Agent: Mozilla/5.0 (Windows NT 10.0; Win64; x64) AppleWebKit/537.36 (KHTML, like Gecko) Chrome/140.0.7339.16 Safari/537.36 

[1A[2KBROWSER: Failed to log to backend: TypeError: Cannot read properties of undefined (reading 'invoke')
    at invoke (http://localhost:1421/node_modules/.vite/deps/@tauri-apps_api_core.js?v=91ac65a0:102:37)
    at Logger.logToBackend (http://localhost:1421/src/utils/logger.ts:47:13)
    at Logger.info (http://localhost:1421/src/utils/logger.ts:31:16)
    at initializeApp (http://localhost:1421/src/utils/init.ts:5:18)

[1A[2KBROWSER: [INFO] Platform: Linux x86_64 

[1A[2KBROWSER: Failed to log to backend: TypeError: Cannot read properties of undefined (reading 'invoke')
    at invoke (http://localhost:1421/node_modules/.vite/deps/@tauri-apps_api_core.js?v=91ac65a0:102:37)
    at Logger.logToBackend (http://localhost:1421/src/utils/logger.ts:47:13)
    at Logger.info (http://localhost:1421/src/utils/logger.ts:31:16)
    at initializeApp (http://localhost:1421/src/utils/init.ts:6:18)

[1A[2KBROWSER: [INFO] URL: http://localhost:1421/login 

[1A[2KBROWSER: Failed to log to backend: TypeError: Cannot read properties of undefined (reading 'invoke')
    at invoke (http://localhost:1421/node_modules/.vite/deps/@tauri-apps_api_core.js?v=91ac65a0:102:37)
    at Logger.logToBackend (http://localhost:1421/src/utils/logger.ts:47:13)
    at Logger.info (http://localhost:1421/src/utils/logger.ts:31:16)
    at initializeApp (http://localhost:1421/src/utils/init.ts:7:18)

[1A[2KBROWSER: [WARN] ❌ Tauri environment not detected - running in browser mode 

[1A[2KBROWSER: Failed to log to backend: TypeError: Cannot read properties of undefined (reading 'invoke')
    at invoke (http://localhost:1421/node_modules/.vite/deps/@tauri-apps_api_core.js?v=91ac65a0:102:37)
    at Logger.logToBackend (http://localhost:1421/src/utils/logger.ts:47:13)
    at Logger.warn (http://localhost:1421/src/utils/logger.ts:35:16)
    at initializeApp (http://localhost:1421/src/utils/init.ts:11:20)

[1A[2K[59/120] [chromium] › e2e/full-flow.spec.ts:4:3 › Complete User Flow › should complete onboarding and use chat functionality
[1A[2K📍 Navigated to login page

[1A[2K✅ Login form is visible

[1A[2K✅ Credentials filled

[1A[2K🔐 Attempting login...

[1A[2KBROWSER: X-Frame-Options may only be set via an HTTP header sent along with a document. It may not be set inside <meta>.

[1A[2KBROWSER: [vite] connecting...

[1A[2KBROWSER: Dashboard initialization started

[1A[2KBROWSER: [API] Invoking command: get_onboarding_state undefined

[1A[2KBROWSER: [API] Environment check: {isTauri: false, canAuthenticate: true, environment: test}

[1A[2KBROWSER: [MOCK API] Using mock implementation for get_onboarding_state

[1A[2KBROWSER: [MOCK API] get_onboarding_state called

[1A[2KBROWSER: [MOCK API] get_onboarding_state result: {config: Object, system_requirements: Object, opencode_detected: true, opencode_path: /fake/test/path/opencode}

[1A[2KBROWSER: Dashboard initialized

[1A[2KBROWSER: Loading server status...

[1A[2KBROWSER: [API] Invoking command: get_server_info undefined

[1A[2KBROWSER: [API] Environment check: {isTauri: false, canAuthenticate: true, environment: test}

[1A[2KBROWSER: [MOCK API] Using mock implementation for get_server_info

[1A[2KBROWSER: [MOCK API] get_server_info called

[1A[2KBROWSER: [MOCK API] get_server_info result: {status: Running, pid: 12345, port: 4096, host: 127.0.0.1, started_at: 2024-01-01T12:00:00Z}

[1A[2KBROWSER: Server info received: {status: Running, pid: 12345, port: 4096, host: 127.0.0.1, started_at: 2024-01-01T12:00:00Z}

[1A[2KBROWSER: [API] Invoking command: get_server_metrics undefined

[1A[2KBROWSER: [API] Environment check: {isTauri: false, canAuthenticate: true, environment: test}

[1A[2KBROWSER: [MOCK API] Using mock implementation for get_server_metrics

[1A[2KBROWSER: [MOCK API] get_server_metrics called

[1A[2KBROWSER: [MOCK API] get_server_metrics result: {cpu_usage: 15.5, memory_usage: 268435456, uptime: Object, request_count: 150, error_count: 2}

[1A[2KBROWSER: [API] Invoking command: get_active_sessions undefined

[1A[2KBROWSER: [API] Environment check: {isTauri: false, canAuthenticate: true, environment: test}

[1A[2KBROWSER: [MOCK API] Using mock implementation for get_active_sessions

[1A[2KBROWSER: [MOCK API] get_active_sessions called

[1A[2KBROWSER: [MOCK API] get_active_sessions result: [Object]

[1A[2KBROWSER: [INFO] 🚀 OpenCode Nexus application started 

[1A[2KBROWSER: Failed to log to backend: TypeError: Cannot read properties of undefined (reading 'invoke')
    at invoke (http://localhost:1421/node_modules/.vite/deps/@tauri-apps_api_core.js?v=91ac65a0:102:37)
    at Logger.logToBackend (http://localhost:1421/src/utils/logger.ts:47:13)
    at Logger.info (http://localhost:1421/src/utils/logger.ts:31:16)
    at initializeApp (http://localhost:1421/src/utils/init.ts:4:18)
    at http://localhost:1421/src/utils/init.ts:17:1

[1A[2KBROWSER: [INFO] User Agent: Mozilla/5.0 (Windows NT 10.0; Win64; x64) AppleWebKit/537.36 (KHTML, like Gecko) Chrome/140.0.7339.16 Safari/537.36 

[1A[2KBROWSER: Failed to log to backend: TypeError: Cannot read properties of undefined (reading 'invoke')
    at invoke (http://localhost:1421/node_modules/.vite/deps/@tauri-apps_api_core.js?v=91ac65a0:102:37)
    at Logger.logToBackend (http://localhost:1421/src/utils/logger.ts:47:13)
    at Logger.info (http://localhost:1421/src/utils/logger.ts:31:16)
    at initializeApp (http://localhost:1421/src/utils/init.ts:5:18)

[1A[2KBROWSER: [INFO] Platform: Linux x86_64 

[1A[2KBROWSER: Failed to log to backend: TypeError: Cannot read properties of undefined (reading 'invoke')
    at invoke (http://localhost:1421/node_modules/.vite/deps/@tauri-apps_api_core.js?v=91ac65a0:102:37)
    at Logger.logToBackend (http://localhost:1421/src/utils/logger.ts:47:13)
    at Logger.info (http://localhost:1421/src/utils/logger.ts:31:16)
    at initializeApp (http://localhost:1421/src/utils/init.ts:6:18)

[1A[2KBROWSER: [INFO] URL: http://localhost:1421/dashboard 

[1A[2KBROWSER: Failed to log to backend: TypeError: Cannot read properties of undefined (reading 'invoke')
    at invoke (http://localhost:1421/node_modules/.vite/deps/@tauri-apps_api_core.js?v=91ac65a0:102:37)
    at Logger.logToBackend (http://localhost:1421/src/utils/logger.ts:47:13)
    at Logger.info (http://localhost:1421/src/utils/logger.ts:31:16)
    at initializeApp (http://localhost:1421/src/utils/init.ts:7:18)

[1A[2KBROWSER: [WARN] ❌ Tauri environment not detected - running in browser mode 

[1A[2KBROWSER: Failed to log to backend: TypeError: Cannot read properties of undefined (reading 'invoke')
    at invoke (http://localhost:1421/node_modules/.vite/deps/@tauri-apps_api_core.js?v=91ac65a0:102:37)
    at Logger.logToBackend (http://localhost:1421/src/utils/logger.ts:47:13)
    at Logger.warn (http://localhost:1421/src/utils/logger.ts:35:16)
    at initializeApp (http://localhost:1421/src/utils/init.ts:11:20)

[1A[2KBROWSER: [vite] connected.

[1A[2KBROWSER: https://svelte.dev/e/hydration_mismatch

[1A[2K📍 URL after login attempt: http://localhost:1421/dashboard

[1A[2K✅ No login error displayed

[1A[2KBROWSER: Backend auth check failed: Failed to resolve module specifier '@tauri-apps/api/core'

[1A[2K🔍 Backend auth status: { error: [32m"Failed to resolve module specifier '@tauri-apps/api/core'"[39m }

[1A[2K✅ Login successful - redirected to dashboard

[1A[2K[60/120] [chromium] › e2e/full-flow.spec.ts:61:3 › Complete User Flow › should handle error states gracefully
[1A[2K  10) [chromium] › e2e/full-flow.spec.ts:4:3 › Complete User Flow › should complete onboarding and use chat functionality 

    Error: [2mexpect([22m[31mlocator[39m[2m).[22mtoBeVisible[2m()[22m failed

    Locator:  locator('.step.active[data-step="welcome"]')
    Expected: visible
    Received: <element(s) not found>
    Timeout:  5000ms

    Call log:
    [2m  - Expect "toBeVisible" with timeout 5000ms[22m
    [2m  - waiting for locator('.step.active[data-step="welcome"]')[22m


       7 |
       8 |     // Verify welcome step
    >  9 |     await expect(page.locator('.step.active[data-step="welcome"]')).toBeVisible();
         |                                                                     ^
      10 |
      11 |     // Navigate through onboarding steps
      12 |     await page.click('[data-action="next"]'); // Welcome → Requirements
        at /home/f3rg/src/github/opencode-nexus/frontend/e2e/full-flow.spec.ts:9:69

    Error Context: test-results/full-flow-Complete-User-Fl-b54e0--and-use-chat-functionality-chromium/error-context.md


[1A[2K[61/120] [chromium] › e2e/full-flow.spec.ts:75:3 › Complete User Flow › should maintain state across navigation
[1A[2K  11) [chromium] › e2e/full-flow.spec.ts:61:3 › Complete User Flow › should handle error states gracefully 

    Error: [2mexpect([22m[31mpage[39m[2m).[22mtoHaveURL[2m([22m[32mexpected[39m[2m)[22m failed

    Expected string: [32m"http://localhost:1421/[7monboard[27min[7mg[27m"[39m
    Received string: [31m"http://localhost:1421/[7mlog[27min"[39m
    Timeout: 5000ms

    Call log:
    [2m  - Expect "toHaveURL" with timeout 5000ms[22m
    [2m    9 × unexpected value "http://localhost:1421/login"[22m


      64 |
      65 |     // Should redirect to onboarding
    > 66 |     await expect(page).toHaveURL('/onboarding');
         |                        ^
      67 |
      68 |     // Try to access chat without setup
      69 |     await page.goto('/');
        at /home/f3rg/src/github/opencode-nexus/frontend/e2e/full-flow.spec.ts:66:24

    Error Context: test-results/full-flow-Complete-User-Fl-8a8c2-dle-error-states-gracefully-chromium/error-context.md


[1A[2K[62/120] [chromium] › e2e/full-flow.spec.ts:103:3 › Complete User Flow › should work on mobile viewport
[1A[2K  12) [chromium] › e2e/critical-flows.spec.ts:117:5 › Critical End-to-End User Flows › First-Time User Journey › onboarding handles system requirement failures 

    [31mTest timeout of 60000ms exceeded.[39m

    Error: page.click: Test timeout of 60000ms exceeded.
    Call log:
    [2m  - waiting for locator('[data-testid="next-button"]')[22m


      121 |       
      122 |       // Navigate to system requirements step
    > 123 |       await page.click('[data-testid="next-button"]'); // Skip welcome
          |                  ^
      124 |       
      125 |       // Mock system requirements failure
      126 |       await page.route('**/system/requirements', route => {
        at /home/f3rg/src/github/opencode-nexus/frontend/e2e/critical-flows.spec.ts:123:18

    Error Context: test-results/critical-flows-Critical-En-07395-system-requirement-failures-chromium/error-context.md


